Archive member included to satisfy reference by file (symbol)

c:/program files (x86)/atmel/studio/7.0/toolchain/arm/arm-gnu-toolchain/bin/../lib/gcc/arm-none-eabi/6.3.1/../../../../arm-none-eabi/lib/thumb/v6-m\libstdc++.a(atexit_arm.o)
                              example_state_machine.o (__aeabi_atexit)
c:/program files (x86)/atmel/studio/7.0/toolchain/arm/arm-gnu-toolchain/bin/../lib/gcc/arm-none-eabi/6.3.1/thumb/v6-m\libgcc.a(_udivsi3.o)
                              serial_controllers/serial_buffer/serial_buffer.o (__aeabi_uidiv)
c:/program files (x86)/atmel/studio/7.0/toolchain/arm/arm-gnu-toolchain/bin/../lib/gcc/arm-none-eabi/6.3.1/thumb/v6-m\libgcc.a(_dvmd_tls.o)
                              c:/program files (x86)/atmel/studio/7.0/toolchain/arm/arm-gnu-toolchain/bin/../lib/gcc/arm-none-eabi/6.3.1/thumb/v6-m\libgcc.a(_udivsi3.o) (__aeabi_idiv0)
c:/program files (x86)/atmel/studio/7.0/toolchain/arm/arm-gnu-toolchain/bin/../lib/gcc/arm-none-eabi/6.3.1/thumb/v6-m\libgcc.a(_fixunsdfsi.o)
                              serial_controllers/serial_uart/hardware/uart_samd21.o (__aeabi_d2uiz)
c:/program files (x86)/atmel/studio/7.0/toolchain/arm/arm-gnu-toolchain/bin/../lib/gcc/arm-none-eabi/6.3.1/thumb/v6-m\libgcc.a(adddf3.o)
                              serial_controllers/serial_uart/hardware/uart_samd21.o (__aeabi_dadd)
c:/program files (x86)/atmel/studio/7.0/toolchain/arm/arm-gnu-toolchain/bin/../lib/gcc/arm-none-eabi/6.3.1/thumb/v6-m\libgcc.a(muldf3.o)
                              serial_controllers/serial_uart/hardware/uart_samd21.o (__aeabi_dmul)
c:/program files (x86)/atmel/studio/7.0/toolchain/arm/arm-gnu-toolchain/bin/../lib/gcc/arm-none-eabi/6.3.1/thumb/v6-m\libgcc.a(subdf3.o)
                              serial_controllers/serial_uart/hardware/uart_samd21.o (__aeabi_dsub)
c:/program files (x86)/atmel/studio/7.0/toolchain/arm/arm-gnu-toolchain/bin/../lib/gcc/arm-none-eabi/6.3.1/thumb/v6-m\libgcc.a(fixdfsi.o)
                              c:/program files (x86)/atmel/studio/7.0/toolchain/arm/arm-gnu-toolchain/bin/../lib/gcc/arm-none-eabi/6.3.1/thumb/v6-m\libgcc.a(_fixunsdfsi.o) (__aeabi_d2iz)
c:/program files (x86)/atmel/studio/7.0/toolchain/arm/arm-gnu-toolchain/bin/../lib/gcc/arm-none-eabi/6.3.1/thumb/v6-m\libgcc.a(floatunsidf.o)
                              serial_controllers/serial_uart/hardware/uart_samd21.o (__aeabi_ui2d)
c:/program files (x86)/atmel/studio/7.0/toolchain/arm/arm-gnu-toolchain/bin/../lib/gcc/arm-none-eabi/6.3.1/thumb/v6-m\libgcc.a(_arm_cmpdf2.o)
                              c:/program files (x86)/atmel/studio/7.0/toolchain/arm/arm-gnu-toolchain/bin/../lib/gcc/arm-none-eabi/6.3.1/thumb/v6-m\libgcc.a(_fixunsdfsi.o) (__aeabi_dcmpge)
c:/program files (x86)/atmel/studio/7.0/toolchain/arm/arm-gnu-toolchain/bin/../lib/gcc/arm-none-eabi/6.3.1/thumb/v6-m\libgcc.a(_clzsi2.o)
                              c:/program files (x86)/atmel/studio/7.0/toolchain/arm/arm-gnu-toolchain/bin/../lib/gcc/arm-none-eabi/6.3.1/thumb/v6-m\libgcc.a(adddf3.o) (__clzsi2)
c:/program files (x86)/atmel/studio/7.0/toolchain/arm/arm-gnu-toolchain/bin/../lib/gcc/arm-none-eabi/6.3.1/thumb/v6-m\libgcc.a(eqdf2.o)
                              c:/program files (x86)/atmel/studio/7.0/toolchain/arm/arm-gnu-toolchain/bin/../lib/gcc/arm-none-eabi/6.3.1/thumb/v6-m\libgcc.a(_arm_cmpdf2.o) (__eqdf2)
c:/program files (x86)/atmel/studio/7.0/toolchain/arm/arm-gnu-toolchain/bin/../lib/gcc/arm-none-eabi/6.3.1/thumb/v6-m\libgcc.a(gedf2.o)
                              c:/program files (x86)/atmel/studio/7.0/toolchain/arm/arm-gnu-toolchain/bin/../lib/gcc/arm-none-eabi/6.3.1/thumb/v6-m\libgcc.a(_arm_cmpdf2.o) (__gedf2)
c:/program files (x86)/atmel/studio/7.0/toolchain/arm/arm-gnu-toolchain/bin/../lib/gcc/arm-none-eabi/6.3.1/thumb/v6-m\libgcc.a(ledf2.o)
                              c:/program files (x86)/atmel/studio/7.0/toolchain/arm/arm-gnu-toolchain/bin/../lib/gcc/arm-none-eabi/6.3.1/thumb/v6-m\libgcc.a(_arm_cmpdf2.o) (__ledf2)
c:/program files (x86)/atmel/studio/7.0/toolchain/arm/arm-gnu-toolchain/bin/../lib/gcc/arm-none-eabi/6.3.1/../../../../arm-none-eabi/lib/thumb/v6-m\libc.a(lib_a-cxa_atexit.o)
                              c:/program files (x86)/atmel/studio/7.0/toolchain/arm/arm-gnu-toolchain/bin/../lib/gcc/arm-none-eabi/6.3.1/../../../../arm-none-eabi/lib/thumb/v6-m\libstdc++.a(atexit_arm.o) (__cxa_atexit)
c:/program files (x86)/atmel/studio/7.0/toolchain/arm/arm-gnu-toolchain/bin/../lib/gcc/arm-none-eabi/6.3.1/../../../../arm-none-eabi/lib/thumb/v6-m\libc.a(lib_a-exit.o)
                              c:/program files (x86)/atmel/studio/7.0/toolchain/arm/arm-gnu-toolchain/bin/../lib/gcc/arm-none-eabi/6.3.1/../../../../arm-none-eabi/lib/thumb/v6-m/crt0.o (exit)
c:/program files (x86)/atmel/studio/7.0/toolchain/arm/arm-gnu-toolchain/bin/../lib/gcc/arm-none-eabi/6.3.1/../../../../arm-none-eabi/lib/thumb/v6-m\libc.a(lib_a-impure.o)
[...]
Memory Configuration

Name             Origin             Length             Attributes
rom              0x00000000         0x00040000         xr
ram              0x20000000         0x00008000         xrw
*default*        0x00000000         0xffffffff

Linker script and memory map

LOAD c:/program files (x86)/atmel/studio/7.0/toolchain/arm/arm-gnu-toolchain/bin/../lib/gcc/arm-none-eabi/6.3.1/thumb/v6-m/crti.o
LOAD c:/program files (x86)/atmel/studio/7.0/toolchain/arm/arm-gnu-toolchain/bin/../lib/gcc/arm-none-eabi/6.3.1/thumb/v6-m/crtbegin.o
LOAD c:/program files (x86)/atmel/studio/7.0/toolchain/arm/arm-gnu-toolchain/bin/../lib/gcc/arm-none-eabi/6.3.1/../../../../arm-none-eabi/lib/thumb/v6-m/crt0.o
LOAD Device_Startup/startup_samd21.o
LOAD Device_Startup/system_samd21.o
LOAD example_state_machine.o
LOAD main.o
LOAD serial_controllers/class/audio/audio_device.o
LOAD serial_controllers/class/bth/bth_device.o
LOAD serial_controllers/class/cdc/cdc_device.o
LOAD serial_controllers/class/cdc/cdc_host.o
LOAD serial_controllers/class/cdc/cdc_rndis_host.o
LOAD serial_controllers/class/dfu/dfu_device.o
LOAD serial_controllers/class/dfu/dfu_rt_device.o
LOAD serial_controllers/class/hid/hid_device.o
LOAD serial_controllers/class/hid/hid_host.o
LOAD serial_controllers/class/midi/midi_device.o
LOAD serial_controllers/class/msc/msc_device.o
LOAD serial_controllers/class/msc/msc_host.o
LOAD serial_controllers/class/net/ecm_rndis_device.o
LOAD serial_controllers/class/net/ncm_device.o
LOAD serial_controllers/class/usbtmc/usbtmc_device.o
LOAD serial_controllers/class/vendor/vendor_device.o
LOAD serial_controllers/class/vendor/vendor_host.o
LOAD serial_controllers/class/video/video_device.o
LOAD serial_controllers/common/tusb_fifo.o
LOAD serial_controllers/device/usbd.o
LOAD serial_controllers/device/usbd_control.o
LOAD serial_controllers/host/hub.o
LOAD serial_controllers/host/usbh.o
LOAD serial_controllers/portable/bridgetek/ft9xx/dcd_ft9xx.o
LOAD serial_controllers/portable/chipidea/ci_hs/dcd_ci_hs.o
LOAD serial_controllers/portable/chipidea/ci_hs/hcd_ci_hs.o
LOAD serial_controllers/portable/dialog/da146xx/dcd_da146xx.o
LOAD serial_controllers/portable/ehci/ehci.o
LOAD serial_controllers/portable/espressif/esp32sx/dcd_esp32sx.o
LOAD serial_controllers/portable/mentor/musb/dcd_musb.o
LOAD serial_controllers/portable/mentor/musb/hcd_musb.o
LOAD serial_controllers/portable/microchip/pic32mz/dcd_pic32mz.o
LOAD serial_controllers/portable/microchip/samd/dcd_samd.o
LOAD serial_controllers/portable/microchip/samg/dcd_samg.o
LOAD serial_controllers/portable/microchip/samx7x/dcd_samx7x.o
LOAD serial_controllers/portable/mindmotion/mm32/dcd_mm32f327x_otg.o
LOAD serial_controllers/portable/nordic/nrf5x/dcd_nrf5x.o
LOAD serial_controllers/portable/nuvoton/nuc120/dcd_nuc120.o
LOAD serial_controllers/portable/nuvoton/nuc121/dcd_nuc121.o
LOAD serial_controllers/portable/nuvoton/nuc505/dcd_nuc505.o
LOAD serial_controllers/portable/nxp/khci/dcd_khci.o
LOAD serial_controllers/portable/nxp/khci/hcd_khci.o
LOAD serial_controllers/portable/nxp/lpc17_40/dcd_lpc17_40.o
LOAD serial_controllers/portable/nxp/lpc17_40/hcd_lpc17_40.o
LOAD serial_controllers/portable/nxp/lpc_ip3511/dcd_lpc_ip3511.o
LOAD serial_controllers/portable/nxp/transdimension/dcd_transdimension.o
LOAD serial_controllers/portable/nxp/transdimension/hcd_transdimension.o
LOAD serial_controllers/portable/ohci/ohci.o
LOAD serial_controllers/portable/raspberrypi/pio_usb/dcd_pio_usb.o
LOAD serial_controllers/portable/raspberrypi/pio_usb/hcd_pio_usb.o
LOAD serial_controllers/portable/raspberrypi/rp2040/dcd_rp2040.o
LOAD serial_controllers/portable/raspberrypi/rp2040/hcd_rp2040.o
LOAD serial_controllers/portable/raspberrypi/rp2040/rp2040_usb.o
LOAD serial_controllers/portable/renesas/usba/dcd_usba.o
LOAD serial_controllers/portable/renesas/usba/hcd_usba.o
LOAD serial_controllers/portable/sony/cxd56/dcd_cxd56.o
LOAD serial_controllers/portable/st/stm32_fsdev/dcd_stm32_fsdev.o
LOAD serial_controllers/portable/st/synopsys/dcd_synopsys.o
LOAD serial_controllers/portable/sunxi/dcd_sunxi_musb.o
LOAD serial_controllers/portable/synopsys/dwc2/dcd_dwc2.o
LOAD serial_controllers/portable/template/dcd_template.o
LOAD serial_controllers/portable/ti/msp430x5xx/dcd_msp430x5xx.o
LOAD serial_controllers/portable/valentyusb/eptri/dcd_eptri.o
LOAD serial_controllers/serial_buffer/serial_buffer.o
LOAD serial_controllers/serial_common/hardware/common_none.o
LOAD serial_controllers/serial_common/hardware/common_samd21.o
LOAD serial_controllers/serial_spi/hardware/spi_none.o
LOAD serial_controllers/serial_spi/hardware/spi_samd21.o
LOAD serial_controllers/serial_spi/serial_spi.o
LOAD serial_controllers/serial_uart/hardware/uart_none.o
LOAD serial_controllers/serial_uart/hardware/uart_samd21.o
LOAD serial_controllers/serial_uart/serial_uart.o
LOAD serial_controllers/serial_usb/serial_usb.o
LOAD serial_controllers/tusb.o
LOAD serial_controllers/usb_descriptors.o
LOAD state_machine.o
LOAD util.o
START GROUP
END GROUP
LOAD c:/program files (x86)/atmel/studio/7.0/toolchain/arm/arm-gnu-toolchain/bin/../lib/gcc/arm-none-eabi/6.3.1/../../../../arm-none-eabi/lib/thumb/v6-m\libstdc++.a
LOAD c:/program files (x86)/atmel/studio/7.0/toolchain/arm/arm-gnu-toolchain/bin/../lib/gcc/arm-none-eabi/6.3.1/../../../../arm-none-eabi/lib/thumb/v6-m\libm.a
START GROUP
LOAD c:/program files (x86)/atmel/studio/7.0/toolchain/arm/arm-gnu-toolchain/bin/../lib/gcc/arm-none-eabi/6.3.1/thumb/v6-m\libgcc.a
LOAD c:/program files (x86)/atmel/studio/7.0/toolchain/arm/arm-gnu-toolchain/bin/../lib/gcc/arm-none-eabi/6.3.1/../../../../arm-none-eabi/lib/thumb/v6-m\libc.a
END GROUP
LOAD c:/program files (x86)/atmel/studio/7.0/toolchain/arm/arm-gnu-toolchain/bin/../lib/gcc/arm-none-eabi/6.3.1/thumb/v6-m/crtend.o
LOAD c:/program files (x86)/atmel/studio/7.0/toolchain/arm/arm-gnu-toolchain/bin/../lib/gcc/arm-none-eabi/6.3.1/thumb/v6-m/crtn.o
                0x00002000                STACK_SIZE = DEFINED (STACK_SIZE)?STACK_SIZE:DEFINED (__stack_size__)?__stack_size__:0x2000

.text           0x00000000     0x3754
                0x00000000                . = ALIGN (0x4)
                0x00000000                _sfixed = .
 *(.vectors .vectors.*)
 .vectors       0x00000000       0xb4 Device_Startup/startup_samd21.o
                0x00000000                exception_table
 *(.text .text.* .gnu.linkonce.t.*)
 .text          0x000000b4       0x60 c:/program files (x86)/atmel/studio/7.0/toolchain/arm/arm-gnu-toolchain/bin/../lib/gcc/arm-none-eabi/6.3.1/thumb/v6-m/crtbegin.o
 .text.Dummy_Handler
                0x00000114        0x2 Device_Startup/startup_samd21.o
                0x00000114                SVCall_Handler
                0x00000114                DMAC_Handler
                0x00000114                HardFault_Handler
                0x00000114                AC_Handler
                0x00000114                SysTick_Handler
                0x00000114                PendSV_Handler
                0x00000114                SERCOM1_Handler
                0x00000114                ADC_Handler
                0x00000114                NonMaskableInt_Handler
                0x00000114                TCC1_Handler
                0x00000114                SERCOM2_Handler
                0x00000114                TCC0_Handler
                0x00000114                RTC_Handler
                0x00000114                EIC_Handler
                0x00000114                WDT_Handler
                0x00000114                TC4_Handler
                0x00000114                TC3_Handler
                0x00000114                Dummy_Handler
                0x00000114                PM_Handler
                0x00000114                SERCOM5_Handler
                0x00000114                TCC2_Handler
                0x00000114                EVSYS_Handler
                0x00000114                SERCOM3_Handler
                0x00000114                SERCOM4_Handler
                0x00000114                I2S_Handler
                0x00000114                NVMCTRL_Handler
                0x00000114                DAC_Handler
                0x00000114                PTC_Handler
                0x00000114                TC5_Handler
                0x00000114                SYSCTRL_Handler
 *fill*         0x00000116        0x2 
 .text.Reset_Handler
                0x00000118       0xc4 Device_Startup/startup_samd21.o
                0x00000118                Reset_Handler
 .text._ZN19ExampleStateMachine19DisabledStateActionEv
                0x000001dc        0x4 example_state_machine.o
                0x000001dc                ExampleStateMachine::DisabledStateAction()
 .text._ZN19ExampleStateMachine23InitializingStateActionEv
                0x000001e0       0x98 example_state_machine.o
                0x000001e0                ExampleStateMachine::InitializingStateAction()
 .text._ZN19ExampleStateMachine21PromptUserStateActionEv
                0x00000278       0x2c example_state_machine.o
                0x00000278                ExampleStateMachine::PromptUserStateAction()
 .text._Z41__static_initialization_and_destruction_0ii
                0x000002a4       0x3c example_state_machine.o
 .text._ZN19ExampleStateMachine22GetExampleStateMachineEPN12StateMachine11STT_MACHINEE
                0x000002e0       0x30 example_state_machine.o
                0x000002e0                ExampleStateMachine::GetExampleStateMachine(StateMachine::STT_MACHINE*)
 .text._ZN19ExampleStateMachine9UnpluggedEv
                0x00000310       0x34 example_state_machine.o
                0x00000310                ExampleStateMachine::Unplugged()
 .text._ZN19ExampleStateMachine6TurnOnEv
                0x00000344       0x1c example_state_machine.o
                0x00000344                ExampleStateMachine::TurnOn()
 .text._ZN19ExampleStateMachine14OffStateActionEv
                0x00000360       0x64 example_state_machine.o
                0x00000360                ExampleStateMachine::OffStateAction()
 .text._ZN19ExampleStateMachine9PluggedInEv
                0x000003c4       0x2c example_state_machine.o
                0x000003c4                ExampleStateMachine::PluggedIn()
 .text._ZN19ExampleStateMachine16SuperStateActionEv
                0x000003f0       0x48 example_state_machine.o
                0x000003f0                ExampleStateMachine::SuperStateAction()
 .text._ZN19ExampleStateMachine7TurnOffEv
                0x00000438       0x1c example_state_machine.o
                0x00000438                ExampleStateMachine::TurnOff()
 .text._ZN19ExampleStateMachine13OnStateActionEv
                0x00000454      0x144 example_state_machine.o
                0x00000454                ExampleStateMachine::OnStateAction()
 .text.USB_Handler
                0x00000598       0x14 example_state_machine.o
                0x00000598                USB_Handler
 .text.SERCOM0_Handler
                0x000005ac        0x2 example_state_machine.o
                0x000005ac                SERCOM0_Handler
 *fill*         0x000005ae        0x2 
 .text._GLOBAL__sub_I_RX_BUFFER
                0x000005b0       0x14 example_state_machine.o
 .text.main     0x000005c4       0x1c main.o
                0x000005c4                main
 .text._prep_out_transaction
                0x000005e0       0x58 serial_controllers/class/cdc/cdc_device.o
 .text.tud_cdc_n_available
                0x00000638       0x20 serial_controllers/class/cdc/cdc_device.o
                0x00000638                tud_cdc_n_available
 .text.tud_cdc_n_read
                0x00000658       0x30 serial_controllers/class/cdc/cdc_device.o
                0x00000658                tud_cdc_n_read
 .text.tud_cdc_n_write_flush
                0x00000688       0xd0 serial_controllers/class/cdc/cdc_device.o
                0x00000688                tud_cdc_n_write_flush
 .text.tud_cdc_n_write
                0x00000758       0x44 serial_controllers/class/cdc/cdc_device.o
                0x00000758                tud_cdc_n_write
 .text.tud_cdc_n_write_clear
                0x0000079c       0x20 serial_controllers/class/cdc/cdc_device.o
                0x0000079c                tud_cdc_n_write_clear
 .text.cdcd_init
                0x000007bc       0x80 serial_controllers/class/cdc/cdc_device.o
                0x000007bc                cdcd_init
 .text.cdcd_reset
                0x0000083c       0x50 serial_controllers/class/cdc/cdc_device.o
                0x0000083c                cdcd_reset
 .text.cdcd_open
                0x0000088c       0xe0 serial_controllers/class/cdc/cdc_device.o
                0x0000088c                cdcd_open
 .text.cdcd_control_xfer_cb
                0x0000096c      0x130 serial_controllers/class/cdc/cdc_device.o
                0x0000096c                cdcd_control_xfer_cb
 .text.cdcd_xfer_cb
                0x00000a9c      0x140 serial_controllers/class/cdc/cdc_device.o
                0x00000a9c                cdcd_xfer_cb
 .text.advance_pointer
                0x00000bdc       0x18 serial_controllers/common/tusb_fifo.o
 .text.backward_pointer
                0x00000bf4       0x18 serial_controllers/common/tusb_fifo.o
 .text.get_relative_pointer
                0x00000c0c       0x10 serial_controllers/common/tusb_fifo.o
 .text._tu_fifo_peek
                0x00000c1c       0x58 serial_controllers/common/tusb_fifo.o
 .text._ff_pull_const_addr
                0x00000c74       0x4c serial_controllers/common/tusb_fifo.o
 .text._ff_pull_n
                0x00000cc0      0x104 serial_controllers/common/tusb_fifo.o
 .text._tu_fifo_peek_n
                0x00000dc4       0x6c serial_controllers/common/tusb_fifo.o
 .text._tu_fifo_read_n
                0x00000e30       0x38 serial_controllers/common/tusb_fifo.o
 .text._ff_push_const_addr
                0x00000e68       0x40 serial_controllers/common/tusb_fifo.o
 .text._ff_push_n
                0x00000ea8      0x100 serial_controllers/common/tusb_fifo.o
 .text._tu_fifo_write_n
                0x00000fa8       0x8c serial_controllers/common/tusb_fifo.o
 .text.tu_fifo_config
                0x00001034       0x32 serial_controllers/common/tusb_fifo.o
                0x00001034                tu_fifo_config
 .text.tu_fifo_count
                0x00001066       0x24 serial_controllers/common/tusb_fifo.o
                0x00001066                tu_fifo_count
 .text.tu_fifo_empty
                0x0000108a        0xe serial_controllers/common/tusb_fifo.o
                0x0000108a                tu_fifo_empty
 .text.tu_fifo_remaining
                0x00001098       0x20 serial_controllers/common/tusb_fifo.o
                0x00001098                tu_fifo_remaining
 .text.tu_fifo_read
                0x000010b8       0x2c serial_controllers/common/tusb_fifo.o
                0x000010b8                tu_fifo_read
 .text.tu_fifo_read_n
                0x000010e4       0x10 serial_controllers/common/tusb_fifo.o
                0x000010e4                tu_fifo_read_n
 .text.tu_fifo_write
                0x000010f4       0x60 serial_controllers/common/tusb_fifo.o
                0x000010f4                tu_fifo_write
 .text.tu_fifo_write_n
                0x00001154       0x10 serial_controllers/common/tusb_fifo.o
                0x00001154                tu_fifo_write_n
 .text.tu_fifo_clear
                0x00001164       0x1a serial_controllers/common/tusb_fifo.o
                0x00001164                tu_fifo_clear
 .text.tu_fifo_set_overwritable
                0x0000117e        0x6 serial_controllers/common/tusb_fifo.o
                0x0000117e                tu_fifo_set_overwritable
 .text.configuration_reset
                0x00001184       0x88 serial_controllers/device/usbd.o
 .text.usbd_reset
                0x0000120c       0x14 serial_controllers/device/usbd.o
 .text.invoke_class_control
                0x00001220       0x20 serial_controllers/device/usbd.o
 .text.process_set_config
                0x00001240      0x188 serial_controllers/device/usbd.o
 .text.process_get_descriptor
                0x000013c8       0xf4 serial_controllers/device/usbd.o
 .text.usbd_int_set
                0x000014bc       0x28 serial_controllers/device/usbd.o
                0x000014bc                usbd_int_set
 .text.tud_mounted
                0x000014e4       0x10 serial_controllers/device/usbd.o
                0x000014e4                tud_mounted
 .text.tud_suspended
                0x000014f4       0x10 serial_controllers/device/usbd.o
                0x000014f4                tud_suspended
 .text.tud_disconnect
                0x00001504       0x20 serial_controllers/device/usbd.o
                0x00001504                tud_disconnect
 .text.tud_connect
                0x00001524       0x20 serial_controllers/device/usbd.o
                0x00001524                tud_connect
 .text.tud_inited
                0x00001544       0x14 serial_controllers/device/usbd.o
                0x00001544                tud_inited
 .text.tud_init
                0x00001558       0xbc serial_controllers/device/usbd.o
                0x00001558                tud_init
 .text.dcd_event_handler
                0x00001614      0x1a8 serial_controllers/device/usbd.o
                0x00001614                dcd_event_handler
 .text.usbd_edpt_open
                0x000017bc       0x40 serial_controllers/device/usbd.o
                0x000017bc                usbd_edpt_open
 .text.usbd_open_edpt_pair
                0x000017fc       0x68 serial_controllers/device/usbd.o
                0x000017fc                usbd_open_edpt_pair
 .text.usbd_edpt_claim
                0x00001864       0x28 serial_controllers/device/usbd.o
                0x00001864                usbd_edpt_claim
 .text.usbd_edpt_release
                0x0000188c       0x28 serial_controllers/device/usbd.o
                0x0000188c                usbd_edpt_release
 .text.usbd_edpt_xfer
                0x000018b4       0x7c serial_controllers/device/usbd.o
                0x000018b4                usbd_edpt_xfer
 .text.usbd_edpt_stall
                0x00001930       0x4c serial_controllers/device/usbd.o
                0x00001930                usbd_edpt_stall
 .text.usbd_edpt_clear_stall
                0x0000197c       0x4c serial_controllers/device/usbd.o
                0x0000197c                usbd_edpt_clear_stall
 .text.usbd_edpt_stalled
                0x000019c8       0x1c serial_controllers/device/usbd.o
                0x000019c8                usbd_edpt_stalled
 .text.process_control_request
                0x000019e4      0x3c0 serial_controllers/device/usbd.o
 .text.tud_task_ext
                0x00001da4      0x1a8 serial_controllers/device/usbd.o
                0x00001da4                tud_task_ext
 .text._data_stage_xact
                0x00001f4c       0x5c serial_controllers/device/usbd_control.o
 .text.tud_control_status
                0x00001fa8       0x44 serial_controllers/device/usbd_control.o
                0x00001fa8                tud_control_status
 .text.tud_control_xfer
                0x00001fec       0x84 serial_controllers/device/usbd_control.o
                0x00001fec                tud_control_xfer
 .text.usbd_control_reset
                0x00002070       0x18 serial_controllers/device/usbd_control.o
                0x00002070                usbd_control_reset
 .text.usbd_control_set_complete_callback
                0x00002088        0xc serial_controllers/device/usbd_control.o
                0x00002088                usbd_control_set_complete_callback
 .text.usbd_control_set_request
                0x00002094       0x24 serial_controllers/device/usbd_control.o
                0x00002094                usbd_control_set_request
 .text.usbd_control_xfer_cb
                0x000020b8       0xe8 serial_controllers/device/usbd_control.o
                0x000020b8                usbd_control_xfer_cb
 .text.bus_reset
                0x000021a0       0x58 serial_controllers/portable/microchip/samd/dcd_samd.o
 .text.dcd_init
                0x000021f8       0x9c serial_controllers/portable/microchip/samd/dcd_samd.o
                0x000021f8                dcd_init
 .text.dcd_int_enable
                0x00002294        0xc serial_controllers/portable/microchip/samd/dcd_samd.o
                0x00002294                dcd_int_enable
 .text.dcd_int_disable
                0x000022a0       0x14 serial_controllers/portable/microchip/samd/dcd_samd.o
                0x000022a0                dcd_int_disable
 .text.dcd_disconnect
                0x000022b4       0x14 serial_controllers/portable/microchip/samd/dcd_samd.o
                0x000022b4                dcd_disconnect
 .text.dcd_connect
                0x000022c8       0x10 serial_controllers/portable/microchip/samd/dcd_samd.o
                0x000022c8                dcd_connect
 .text.dcd_edpt0_status_complete
                0x000022d8       0x48 serial_controllers/portable/microchip/samd/dcd_samd.o
                0x000022d8                dcd_edpt0_status_complete
 .text.dcd_edpt_open
                0x00002320       0xd0 serial_controllers/portable/microchip/samd/dcd_samd.o
                0x00002320                dcd_edpt_open
 .text.dcd_edpt_close_all
                0x000023f0        0x2 serial_controllers/portable/microchip/samd/dcd_samd.o
                0x000023f0                dcd_edpt_close_all
 *fill*         0x000023f2        0x2 
 .text.dcd_edpt_xfer
                0x000023f4       0xbc serial_controllers/portable/microchip/samd/dcd_samd.o
                0x000023f4                dcd_edpt_xfer
 .text.dcd_set_address
                0x000024b0       0x20 serial_controllers/portable/microchip/samd/dcd_samd.o
                0x000024b0                dcd_set_address
 .text.dcd_edpt_stall
                0x000024d0       0x24 serial_controllers/portable/microchip/samd/dcd_samd.o
                0x000024d0                dcd_edpt_stall
 .text.dcd_edpt_clear_stall
                0x000024f4       0x24 serial_controllers/portable/microchip/samd/dcd_samd.o
                0x000024f4                dcd_edpt_clear_stall
 .text.maybe_transfer_complete
                0x00002518       0xd8 serial_controllers/portable/microchip/samd/dcd_samd.o
                0x00002518                maybe_transfer_complete
 .text.dcd_int_handler
                0x000025f0      0x104 serial_controllers/portable/microchip/samd/dcd_samd.o
                0x000025f0                dcd_int_handler
 .text._ZN6Serial11NoIntEnableEhb
                0x000026f4        0x2 serial_controllers/serial_buffer/serial_buffer.o
                0x000026f4                Serial::NoIntEnable(unsigned char, bool)
 *fill*         0x000026f6        0x2 
 .text._ZN6Serial9Int2ASCIIEmPA10_c
                0x000026f8       0x68 serial_controllers/serial_buffer/serial_buffer.o
                0x000026f8                Serial::Int2ASCII(unsigned long, char (*) [10])
 .text._ZN6Serial12SerialBuffer5ResetEPcm
                0x00002760       0x12 serial_controllers/serial_buffer/serial_buffer.o
                0x00002760                Serial::SerialBuffer::Reset(char*, unsigned long)
 *fill*         0x00002772        0x2 
 .text._ZN6Serial12SerialBufferC2EhPcm
                0x00002774       0x28 serial_controllers/serial_buffer/serial_buffer.o
                0x00002774                Serial::SerialBuffer::SerialBuffer(unsigned char, char*, unsigned long)
                0x00002774                Serial::SerialBuffer::SerialBuffer(unsigned char, char*, unsigned long)
 .text._ZN6Serial12SerialBuffer5ClearEv
                0x0000279c        0xa serial_controllers/serial_buffer/serial_buffer.o
                0x0000279c                Serial::SerialBuffer::Clear()
 *fill*         0x000027a6        0x2 
 .text._ZN6Serial12SerialBufferD2Ev
                0x000027a8       0x10 serial_controllers/serial_buffer/serial_buffer.o
                0x000027a8                Serial::SerialBuffer::~SerialBuffer()
                0x000027a8                Serial::SerialBuffer::~SerialBuffer()
 .text._ZN6Serial12SerialBuffer3PutEcPFvhbE
                0x000027b8       0x44 serial_controllers/serial_buffer/serial_buffer.o
                0x000027b8                Serial::SerialBuffer::Put(char, void (*)(unsigned char, bool))
 .text._ZN6Serial12SerialBuffer3GetEPFvhbEPc
                0x000027fc       0x54 serial_controllers/serial_buffer/serial_buffer.o
                0x000027fc                Serial::SerialBuffer::Get(void (*)(unsigned char, bool), char*)
 .text._ZN6Serial12SerialBuffer9GetStringEPKcmbPFvhbE
                0x00002850       0xd8 serial_controllers/serial_buffer/serial_buffer.o
                0x00002850                Serial::SerialBuffer::GetString(char const*, unsigned long, bool, void (*)(unsigned char, bool))
 .text._ZN6Serial12SerialBuffer13GetASCIIAsIntEPmPFvhbE
                0x00002928       0x74 serial_controllers/serial_buffer/serial_buffer.o
                0x00002928                Serial::SerialBuffer::GetASCIIAsInt(unsigned long*, void (*)(unsigned char, bool))
 .text._ZN6Serial12SerialBuffer11GetIntParamEPmPKcchPFvhbE
                0x0000299c       0xd8 serial_controllers/serial_buffer/serial_buffer.o
                0x0000299c                Serial::SerialBuffer::GetIntParam(unsigned long*, char const*, char, unsigned char, void (*)(unsigned char, bool))
 .text._ZNK6Serial12SerialBuffer14GetBufferEmptyEv
                0x00002a74        0x8 serial_controllers/serial_buffer/serial_buffer.o
                0x00002a74                Serial::SerialBuffer::GetBufferEmpty() const
 .text._ZNK6Serial12SerialBuffer14GetBufferStateEv
                0x00002a7c       0x18 serial_controllers/serial_buffer/serial_buffer.o
                0x00002a7c                Serial::SerialBuffer::GetBufferState() const
 .text._ZN9SerialUSB15USBFeedIOClocksEv
                0x00002a94       0xf0 serial_controllers/serial_usb/serial_usb.o
                0x00002a94                SerialUSB::USBFeedIOClocks()
 .text._ZN9SerialUSB13USBControllerC2Ev
                0x00002b84       0x20 serial_controllers/serial_usb/serial_usb.o
                0x00002b84                SerialUSB::USBController::USBController()
                0x00002b84                SerialUSB::USBController::USBController()
 .text._ZN9SerialUSB13USBController11ResetBufferEPcm
                0x00002ba4        0xc serial_controllers/serial_usb/serial_usb.o
                0x00002ba4                SerialUSB::USBController::ResetBuffer(char*, unsigned long)
 .text._ZN9SerialUSB13USBController12ClearBuffersEbb
                0x00002bb0       0x28 serial_controllers/serial_usb/serial_usb.o
                0x00002bb0                SerialUSB::USBController::ClearBuffers(bool, bool)
 .text._ZN9SerialUSB13USBController3ISREv
                0x00002bd8       0x10 serial_controllers/serial_usb/serial_usb.o
                0x00002bd8                SerialUSB::USBController::ISR()
 .text._ZN9SerialUSB13USBController8TransmitEc
                0x00002be8       0x2c serial_controllers/serial_usb/serial_usb.o
                0x00002be8                SerialUSB::USBController::Transmit(char)
 .text._ZN9SerialUSB13USBController14TransmitPacketEPKcm
                0x00002c14       0x2c serial_controllers/serial_usb/serial_usb.o
                0x00002c14                SerialUSB::USBController::TransmitPacket(char const*, unsigned long)
 .text._ZN9SerialUSB13USBController14TransmitStringEPKc
                0x00002c40       0x38 serial_controllers/serial_usb/serial_usb.o
                0x00002c40                SerialUSB::USBController::TransmitString(char const*)
 .text._ZN9SerialUSB13USBController13ReceiveStringEPKcmb
                0x00002c78       0x18 serial_controllers/serial_usb/serial_usb.o
                0x00002c78                SerialUSB::USBController::ReceiveString(char const*, unsigned long, bool)
 .text._ZN9SerialUSB13USBController11TransmitIntEm
                0x00002c90       0x24 serial_controllers/serial_usb/serial_usb.o
                0x00002c90                SerialUSB::USBController::TransmitInt(unsigned long)
 .text._ZN9SerialUSB13USBController12ReceiveParamEPmPKcch
                0x00002cb4       0x20 serial_controllers/serial_usb/serial_usb.o
                0x00002cb4                SerialUSB::USBController::ReceiveParam(unsigned long*, char const*, char, unsigned char)
 .text._ZN9SerialUSB13USBController9PutBufferEc
                0x00002cd4       0x14 serial_controllers/serial_usb/serial_usb.o
                0x00002cd4                SerialUSB::USBController::PutBuffer(char)
 .text._ZN9SerialUSB13USBController4TaskEb
                0x00002ce8       0xc0 serial_controllers/serial_usb/serial_usb.o
                0x00002ce8                SerialUSB::USBController::Task(bool)
 .text._ZNK9SerialUSB13USBController11IsConnectedEv
                0x00002da8       0x14 serial_controllers/serial_usb/serial_usb.o
                0x00002da8                SerialUSB::USBController::IsConnected() const
 .text._ZN9SerialUSB13USBController6DetachEv
                0x00002dbc       0x20 serial_controllers/serial_usb/serial_usb.o
                0x00002dbc                SerialUSB::USBController::Detach()
 .text._ZN9SerialUSB13USBController6DeinitEv
                0x00002ddc       0x28 serial_controllers/serial_usb/serial_usb.o
                0x00002ddc                SerialUSB::USBController::Deinit()
 .text._ZN9SerialUSB13USBControllerD2Ev
                0x00002e04       0x1c serial_controllers/serial_usb/serial_usb.o
                0x00002e04                SerialUSB::USBController::~USBController()
                0x00002e04                SerialUSB::USBController::~USBController()
 .text._ZN9SerialUSB13USBController8ReattachEv
                0x00002e20       0x20 serial_controllers/serial_usb/serial_usb.o
                0x00002e20                SerialUSB::USBController::Reattach()
 .text._ZN9SerialUSB13USBController4InitEPcm
                0x00002e40       0x44 serial_controllers/serial_usb/serial_usb.o
                0x00002e40                SerialUSB::USBController::Init(char*, unsigned long)
 .text.tusb_init
                0x00002e84       0x10 serial_controllers/tusb.o
                0x00002e84                tusb_init
 .text.tusb_inited
                0x00002e94       0x14 serial_controllers/tusb.o
                0x00002e94                tusb_inited
 .text.tu_edpt_claim
                0x00002ea8       0x26 serial_controllers/tusb.o
                0x00002ea8                tu_edpt_claim
 .text.tu_edpt_release
                0x00002ece       0x26 serial_controllers/tusb.o
                0x00002ece                tu_edpt_release
 .text.tu_edpt_validate
                0x00002ef4       0x74 serial_controllers/tusb.o
                0x00002ef4                tu_edpt_validate
 .text.tu_edpt_bind_driver
                0x00002f68       0x26 serial_controllers/tusb.o
                0x00002f68                tu_edpt_bind_driver
 *fill*         0x00002f8e        0x2 
 .text.tud_descriptor_device_cb
                0x00002f90        0x8 serial_controllers/usb_descriptors.o
                0x00002f90                tud_descriptor_device_cb
 .text.tud_descriptor_configuration_cb
                0x00002f98        0xc serial_controllers/usb_descriptors.o
                0x00002f98                tud_descriptor_configuration_cb
 .text.tud_descriptor_string_cb
                0x00002fa4       0x68 serial_controllers/usb_descriptors.o
                0x00002fa4                tud_descriptor_string_cb
 .text._ZN12StateMachine13ExecuteActionEPNS_11STT_MACHINEE
                0x0000300c       0x12 state_machine.o
                0x0000300c                StateMachine::ExecuteAction(StateMachine::STT_MACHINE*)
 .text._ZN12StateMachine17ProcessSuperStateEPhhPFhvE
                0x0000301e       0x10 state_machine.o
                0x0000301e                StateMachine::ProcessSuperState(unsigned char*, unsigned char, unsigned char (*)())
 *fill*         0x0000302e        0x2 
 .text._ZN4Util20enterCriticalSectionEv
                0x00003030       0x18 util.o
                0x00003030                Util::enterCriticalSection()
 .text._ZN4Util19exitCriticalSectionEv
                0x00003048       0x14 util.o
                0x00003048                Util::exitCriticalSection()
 .text.__aeabi_atexit
                0x0000305c       0x10 c:/program files (x86)/atmel/studio/7.0/toolchain/arm/arm-gnu-toolchain/bin/../lib/gcc/arm-none-eabi/6.3.1/../../../../arm-none-eabi/lib/thumb/v6-m\libstdc++.a(atexit_arm.o)
                0x0000305c                __aeabi_atexit
 .text          0x0000306c      0x114 c:/program files (x86)/atmel/studio/7.0/toolchain/arm/arm-gnu-toolchain/bin/../lib/gcc/arm-none-eabi/6.3.1/thumb/v6-m\libgcc.a(_udivsi3.o)
                0x0000306c                __aeabi_uidiv
                0x0000306c                __udivsi3
                0x00003178                __aeabi_uidivmod
 .text          0x00003180        0x4 c:/program files (x86)/atmel/studio/7.0/toolchain/arm/arm-gnu-toolchain/bin/../lib/gcc/arm-none-eabi/6.3.1/thumb/v6-m\libgcc.a(_dvmd_tls.o)
                0x00003180                __aeabi_idiv0
                0x00003180                __aeabi_ldiv0
 .text.__cxa_atexit
                0x00003184       0x10 c:/program files (x86)/atmel/studio/7.0/toolchain/arm/arm-gnu-toolchain/bin/../lib/gcc/arm-none-eabi/6.3.1/../../../../arm-none-eabi/lib/thumb/v6-m\libc.a(lib_a-cxa_atexit.o)
                0x00003184                __cxa_atexit
 .text.__libc_init_array
                0x00003194       0x48 c:/program files (x86)/atmel/studio/7.0/toolchain/arm/arm-gnu-toolchain/bin/../lib/gcc/arm-none-eabi/6.3.1/../../../../arm-none-eabi/lib/thumb/v6-m\libc.a(lib_a-init.o)
                0x00003194                __libc_init_array
 .text.memcpy   0x000031dc       0x84 c:/program files (x86)/atmel/studio/7.0/toolchain/arm/arm-gnu-toolchain/bin/../lib/gcc/arm-none-eabi/6.3.1/../../../../arm-none-eabi/lib/thumb/v6-m\libc.a(lib_a-memcpy-stub.o)
                0x000031dc                memcpy
 .text.memset   0x00003260       0x94 c:/program files (x86)/atmel/studio/7.0/toolchain/arm/arm-gnu-toolchain/bin/../lib/gcc/arm-none-eabi/6.3.1/../../../../arm-none-eabi/lib/thumb/v6-m\libc.a(lib_a-memset.o)
                0x00003260                memset
 .text.strlen   0x000032f4       0x64 c:/program files (x86)/atmel/studio/7.0/toolchain/arm/arm-gnu-toolchain/bin/../lib/gcc/arm-none-eabi/6.3.1/../../../../arm-none-eabi/lib/thumb/v6-m\libc.a(lib_a-strlen-stub.o)
                0x000032f4                strlen
 .text.__register_exitproc
                0x00003358       0xf4 c:/program files (x86)/atmel/studio/7.0/toolchain/arm/arm-gnu-toolchain/bin/../lib/gcc/arm-none-eabi/6.3.1/../../../../arm-none-eabi/lib/thumb/v6-m\libc.a(lib_a-__atexit.o)
                0x00003358                __register_exitproc
 .text.startup.register_fini
                0x0000344c       0x18 c:/program files (x86)/atmel/studio/7.0/toolchain/arm/arm-gnu-toolchain/bin/../lib/gcc/arm-none-eabi/6.3.1/../../../../arm-none-eabi/lib/thumb/v6-m\libc.a(lib_a-__call_atexit.o)
 .text.atexit   0x00003464       0x10 c:/program files (x86)/atmel/studio/7.0/toolchain/arm/arm-gnu-toolchain/bin/../lib/gcc/arm-none-eabi/6.3.1/../../../../arm-none-eabi/lib/thumb/v6-m\libc.a(lib_a-atexit.o)
                0x00003464                atexit
 .text.__libc_fini_array
                0x00003474       0x34 c:/program files (x86)/atmel/studio/7.0/toolchain/arm/arm-gnu-toolchain/bin/../lib/gcc/arm-none-eabi/6.3.1/../../../../arm-none-eabi/lib/thumb/v6-m\libc.a(lib_a-fini.o)
                0x00003474                __libc_fini_array
 .text.__retarget_lock_acquire_recursive
                0x000034a8        0x4 c:/program files (x86)/atmel/studio/7.0/toolchain/arm/arm-gnu-toolchain/bin/../lib/gcc/arm-none-eabi/6.3.1/../../../../arm-none-eabi/lib/thumb/v6-m\libc.a(lib_a-lock.o)
                0x000034a8                __retarget_lock_acquire_recursive
 .text.__retarget_lock_release_recursive
                0x000034ac        0x4 c:/program files (x86)/atmel/studio/7.0/toolchain/arm/arm-gnu-toolchain/bin/../lib/gcc/arm-none-eabi/6.3.1/../../../../arm-none-eabi/lib/thumb/v6-m\libc.a(lib_a-lock.o)
                0x000034ac                __retarget_lock_release_recursive
 *(.glue_7t)
 .glue_7t       0x000034b0        0x0 linker stubs
 *(.glue_7)
 .glue_7        0x000034b0        0x0 linker stubs
 *(.rodata .rodata* .gnu.linkonce.r.*)
 .rodata.str1.4
                0x000034b0      0x142 example_state_machine.o
 *fill*         0x000035f2        0x2 
 .rodata        0x000035f4       0xa4 serial_controllers/device/usbd.o
 .rodata        0x00003698       0x62 serial_controllers/usb_descriptors.o
                0x00003698                desc_device
                0x000036ac                desc_fs_configuration
 *fill*         0x000036fa        0x2 
 .rodata.str1.4
                0x000036fc       0x2c serial_controllers/usb_descriptors.o
 .rodata._global_impure_ptr
                0x00003728        0x4 c:/program files (x86)/atmel/studio/7.0/toolchain/arm/arm-gnu-toolchain/bin/../lib/gcc/arm-none-eabi/6.3.1/../../../../arm-none-eabi/lib/thumb/v6-m\libc.a(lib_a-impure.o)
                0x00003728                _global_impure_ptr
 *(.ARM.extab* .gnu.linkonce.armextab.*)
                0x0000372c                . = ALIGN (0x4)
 *(.init)
 .init          0x0000372c        0x4 c:/program files (x86)/atmel/studio/7.0/toolchain/arm/arm-gnu-toolchain/bin/../lib/gcc/arm-none-eabi/6.3.1/thumb/v6-m/crti.o
                0x0000372c                _init
 .init          0x00003730        0x8 c:/program files (x86)/atmel/studio/7.0/toolchain/arm/arm-gnu-toolchain/bin/../lib/gcc/arm-none-eabi/6.3.1/thumb/v6-m/crtn.o
                0x00003738                . = ALIGN (0x4)
                0x00003738                __preinit_array_start = .
 *(.preinit_array)
                0x00003738                __preinit_array_end = .
                0x00003738                . = ALIGN (0x4)
                0x00003738                __init_array_start = .
 *(SORT(.init_array.*))
 .init_array.00000
                0x00003738        0x4 c:/program files (x86)/atmel/studio/7.0/toolchain/arm/arm-gnu-toolchain/bin/../lib/gcc/arm-none-eabi/6.3.1/../../../../arm-none-eabi/lib/thumb/v6-m\libc.a(lib_a-__call_atexit.o)
 *(.init_array)
 .init_array    0x0000373c        0x4 c:/program files (x86)/atmel/studio/7.0/toolchain/arm/arm-gnu-toolchain/bin/../lib/gcc/arm-none-eabi/6.3.1/thumb/v6-m/crtbegin.o
 .init_array    0x00003740        0x4 example_state_machine.o
                0x00003744                __init_array_end = .
                0x00003744                . = ALIGN (0x4)
 *crtbegin.o(.ctors)
 *(EXCLUDE_FILE(*crtend.o) .ctors)
 *(SORT(.ctors.*))
 *crtend.o(.ctors)
                0x00003744                . = ALIGN (0x4)
 *(.fini)
 .fini          0x00003744        0x4 c:/program files (x86)/atmel/studio/7.0/toolchain/arm/arm-gnu-toolchain/bin/../lib/gcc/arm-none-eabi/6.3.1/thumb/v6-m/crti.o
                0x00003744                _fini
 .fini          0x00003748        0x8 c:/program files (x86)/atmel/studio/7.0/toolchain/arm/arm-gnu-toolchain/bin/../lib/gcc/arm-none-eabi/6.3.1/thumb/v6-m/crtn.o
                0x00003750                . = ALIGN (0x4)
                0x00003750                __fini_array_start = .
 *(.fini_array)
 .fini_array    0x00003750        0x4 c:/program files (x86)/atmel/studio/7.0/toolchain/arm/arm-gnu-toolchain/bin/../lib/gcc/arm-none-eabi/6.3.1/thumb/v6-m/crtbegin.o
 *(SORT(.fini_array.*))
                0x00003754                __fini_array_end = .
 *crtbegin.o(.dtors)
 *(EXCLUDE_FILE(*crtend.o) .dtors)
 *(SORT(.dtors.*))
 *crtend.o(.dtors)
                0x00003754                . = ALIGN (0x4)
                0x00003754                _efixed = .
                [!provide]                PROVIDE (__exidx_start, .)

.vfp11_veneer   0x00003754        0x0
 .vfp11_veneer  0x00003754        0x0 linker stubs

.v4_bx          0x00003754        0x0
 .v4_bx         0x00003754        0x0 linker stubs

.iplt           0x00003754        0x0
 .iplt          0x00003754        0x0 c:/program files (x86)/atmel/studio/7.0/toolchain/arm/arm-gnu-toolchain/bin/../lib/gcc/arm-none-eabi/6.3.1/thumb/v6-m/crtbegin.o

.ARM.exidx      0x00003754        0x8
 *(.ARM.exidx* .gnu.linkonce.armexidx.*)
 .ARM.exidx.text.__aeabi_atexit
                0x00003754        0x8 c:/program files (x86)/atmel/studio/7.0/toolchain/arm/arm-gnu-toolchain/bin/../lib/gcc/arm-none-eabi/6.3.1/../../../../arm-none-eabi/lib/thumb/v6-m\libstdc++.a(atexit_arm.o)
                [!provide]                PROVIDE (__exidx_end, .)

.eh_frame       0x0000375c        0x0
 .eh_frame      0x0000375c        0x0 c:/program files (x86)/atmel/studio/7.0/toolchain/arm/arm-gnu-toolchain/bin/../lib/gcc/arm-none-eabi/6.3.1/thumb/v6-m/crtbegin.o

.rel.dyn        0x0000375c        0x0
 .rel.iplt      0x0000375c        0x0 c:/program files (x86)/atmel/studio/7.0/toolchain/arm/arm-gnu-toolchain/bin/../lib/gcc/arm-none-eabi/6.3.1/thumb/v6-m/crtbegin.o

.jcr            0x0000375c        0x0
 .jcr           0x0000375c        0x0 c:/program files (x86)/atmel/studio/7.0/toolchain/arm/arm-gnu-toolchain/bin/../lib/gcc/arm-none-eabi/6.3.1/thumb/v6-m/crtbegin.o

.igot.plt       0x0000375c        0x0
 .igot.plt      0x0000375c        0x0 c:/program files (x86)/atmel/studio/7.0/toolchain/arm/arm-gnu-toolchain/bin/../lib/gcc/arm-none-eabi/6.3.1/thumb/v6-m/crtbegin.o
                0x0000375c                . = ALIGN (0x4)
                0x0000375c                _etext = .

.relocate       0x20000000      0x464 load address 0x0000375c
                0x20000000                . = ALIGN (0x4)
                0x20000000                _srelocate = .
 *(.ramfunc .ramfunc.*)
 *(.data .data.*)
 .data          0x20000000        0x4 c:/program files (x86)/atmel/studio/7.0/toolchain/arm/arm-gnu-toolchain/bin/../lib/gcc/arm-none-eabi/6.3.1/thumb/v6-m/crtbegin.o
                0x20000000                __dso_handle
 .data          0x20000004       0x1c serial_controllers/device/usbd.o
                0x20000008                _usbd_qdef
 .data          0x20000020       0x14 serial_controllers/usb_descriptors.o
                0x20000020                string_desc_arr
 *fill*         0x20000034        0x4 
 .data.impure_data
                0x20000038      0x428 c:/program files (x86)/atmel/studio/7.0/toolchain/arm/arm-gnu-toolchain/bin/../lib/gcc/arm-none-eabi/6.3.1/../../../../arm-none-eabi/lib/thumb/v6-m\libc.a(lib_a-impure.o)
 .data.__atexit_recursive_mutex
                0x20000460        0x4 c:/program files (x86)/atmel/studio/7.0/toolchain/arm/arm-gnu-toolchain/bin/../lib/gcc/arm-none-eabi/6.3.1/../../../../arm-none-eabi/lib/thumb/v6-m\libc.a(lib_a-__call_atexit.o)
                0x20000460                __atexit_recursive_mutex
                0x20000464                . = ALIGN (0x4)
                0x20000464                _erelocate = .

.bss            0x20000464      0x644 load address 0x00003bc0
                0x20000464                . = ALIGN (0x4)
                0x20000464                _sbss = .
                0x20000464                _szero = .
 *(.bss .bss.*)
 .bss           0x20000464       0x1c c:/program files (x86)/atmel/studio/7.0/toolchain/arm/arm-gnu-toolchain/bin/../lib/gcc/arm-none-eabi/6.3.1/thumb/v6-m/crtbegin.o
 .bss           0x20000480      0x228 example_state_machine.o
                0x20000480                RX_BUFFER
                0x20000680                usb_controller
                0x200006a0                echo
                0x200006a1                connected
                0x200006a4                param
 .bss           0x200006a8      0x138 serial_controllers/class/cdc/cdc_device.o
 .bss           0x200007e0       0x40 serial_controllers/device/usbd.o
 .bss           0x20000820       0x54 serial_controllers/device/usbd_control.o
 .bss           0x20000874      0x10a serial_controllers/portable/microchip/samd/dcd_samd.o
 *fill*         0x2000097e        0x2 
 .bss           0x20000980       0x40 serial_controllers/usb_descriptors.o
 .bss           0x200009c0        0x4 util.o
                0x200009c0                Util::critical_section_count
 *(COMMON)
 COMMON         0x200009c4       0xc0 serial_controllers/device/usbd.o
                0x200009c4                _usbd_qdef_buf
 COMMON         0x20000a84       0x21 c:/program files (x86)/atmel/studio/7.0/toolchain/arm/arm-gnu-toolchain/bin/../lib/gcc/arm-none-eabi/6.3.1/../../../../arm-none-eabi/lib/thumb/v6-m\libc.a(lib_a-lock.o)
                0x20000a84                __lock___atexit_recursive_mutex
                0x20000a88                __lock___arc4random_mutex
                0x20000a8c                __lock___env_recursive_mutex
                0x20000a90                __lock___sinit_recursive_mutex
                0x20000a94                __lock___malloc_recursive_mutex
                0x20000a98                __lock___at_quick_exit_mutex
                0x20000a9c                __lock___dd_hash_mutex
                0x20000aa0                __lock___tz_mutex
                0x20000aa4                __lock___sfp_recursive_mutex
                0x20000aa8                . = ALIGN (0x4)
 *fill*         0x20000aa5        0x3 
                0x20000aa8                _ebss = .
                0x20000aa8                _ezero = .

.stack          0x20000aa8     0x2000 load address 0x00004204
                0x20000aa8                . = ALIGN (0x8)
                0x20000aa8                _sstack = .
                0x20002aa8                . = (. + STACK_SIZE)
 *fill*         0x20000aa8     0x2000 
                0x20002aa8                . = ALIGN (0x8)
                0x20002aa8                _estack = .
                0x20002aa8                . = ALIGN (0x4)
                0x20002aa8                _end = .
OUTPUT(SerialLibraryExample.elf elf32-littlearm)

.ARM.attributes
                0x00000000       0x28
 .ARM.attributes
                0x00000000       0x1e c:/program files (x86)/atmel/studio/7.0/toolchain/arm/arm-gnu-toolchain/bin/../lib/gcc/arm-none-eabi/6.3.1/thumb/v6-m/crti.o
 .ARM.attributes
                0x0000001e       0x2c c:/program files (x86)/atmel/studio/7.0/toolchain/arm/arm-gnu-toolchain/bin/../lib/gcc/arm-none-eabi/6.3.1/thumb/v6-m/crtbegin.o
 .ARM.attributes
                0x0000004a       0x32 Device_Startup/startup_samd21.o
 .ARM.attributes
                0x0000007c       0x32 example_state_machine.o
 .ARM.attributes
                0x000000ae       0x32 main.o
 .ARM.attributes
                0x000000e0       0x32 serial_controllers/class/cdc/cdc_device.o
 .ARM.attributes
                0x00000112       0x32 serial_controllers/common/tusb_fifo.o
 .ARM.attributes
                0x00000144       0x32 serial_controllers/device/usbd.o
 .ARM.attributes
                0x00000176       0x32 serial_controllers/device/usbd_control.o
 .ARM.attributes
                0x000001a8       0x32 serial_controllers/portable/microchip/samd/dcd_samd.o
 .ARM.attributes
                0x000001da       0x32 serial_controllers/serial_buffer/serial_buffer.o
 .ARM.attributes
                0x0000020c       0x32 serial_controllers/serial_usb/serial_usb.o
 .ARM.attributes
                0x0000023e       0x32 serial_controllers/tusb.o
 .ARM.attributes
                0x00000270       0x32 serial_controllers/usb_descriptors.o
 .ARM.attributes
                0x000002a2       0x32 state_machine.o
 .ARM.attributes
                0x000002d4       0x32 util.o
 .ARM.attributes
                0x00000306       0x2c c:/program files (x86)/atmel/studio/7.0/toolchain/arm/arm-gnu-toolchain/bin/../lib/gcc/arm-none-eabi/6.3.1/../../../../arm-none-eabi/lib/thumb/v6-m\libstdc++.a(atexit_arm.o)
 .ARM.attributes
                0x00000332       0x1e c:/program files (x86)/atmel/studio/7.0/toolchain/arm/arm-gnu-toolchain/bin/../lib/gcc/arm-none-eabi/6.3.1/thumb/v6-m\libgcc.a(_udivsi3.o)
 .ARM.attributes
                0x00000350       0x1e c:/program files (x86)/atmel/studio/7.0/toolchain/arm/arm-gnu-toolchain/bin/../lib/gcc/arm-none-eabi/6.3.1/thumb/v6-m\libgcc.a(_dvmd_tls.o)
 .ARM.attributes
                0x0000036e       0x2c c:/program files (x86)/atmel/studio/7.0/toolchain/arm/arm-gnu-toolchain/bin/../lib/gcc/arm-none-eabi/6.3.1/../../../../arm-none-eabi/lib/thumb/v6-m\libc.a(lib_a-cxa_atexit.o)
 .ARM.attributes
                0x0000039a       0x2c c:/program files (x86)/atmel/studio/7.0/toolchain/arm/arm-gnu-toolchain/bin/../lib/gcc/arm-none-eabi/6.3.1/../../../../arm-none-eabi/lib/thumb/v6-m\libc.a(lib_a-impure.o)
 .ARM.attributes
                0x000003c6       0x2c c:/program files (x86)/atmel/studio/7.0/toolchain/arm/arm-gnu-toolchain/bin/../lib/gcc/arm-none-eabi/6.3.1/../../../../arm-none-eabi/lib/thumb/v6-m\libc.a(lib_a-init.o)
 .ARM.attributes
                0x000003f2       0x2c c:/program files (x86)/atmel/studio/7.0/toolchain/arm/arm-gnu-toolchain/bin/../lib/gcc/arm-none-eabi/6.3.1/../../../../arm-none-eabi/lib/thumb/v6-m\libc.a(lib_a-memcpy-stub.o)
 .ARM.attributes
                0x0000041e       0x2c c:/program files (x86)/atmel/studio/7.0/toolchain/arm/arm-gnu-toolchain/bin/../lib/gcc/arm-none-eabi/6.3.1/../../../../arm-none-eabi/lib/thumb/v6-m\libc.a(lib_a-memset.o)
 .ARM.attributes
                0x0000044a       0x2c c:/program files (x86)/atmel/studio/7.0/toolchain/arm/arm-gnu-toolchain/bin/../lib/gcc/arm-none-eabi/6.3.1/../../../../arm-none-eabi/lib/thumb/v6-m\libc.a(lib_a-strlen-stub.o)
 .ARM.attributes
                0x00000476       0x2c c:/program files (x86)/atmel/studio/7.0/toolchain/arm/arm-gnu-toolchain/bin/../lib/gcc/arm-none-eabi/6.3.1/../../../../arm-none-eabi/lib/thumb/v6-m\libc.a(lib_a-__atexit.o)
 .ARM.attributes
                0x000004a2       0x2c c:/program files (x86)/atmel/studio/7.0/toolchain/arm/arm-gnu-toolchain/bin/../lib/gcc/arm-none-eabi/6.3.1/../../../../arm-none-eabi/lib/thumb/v6-m\libc.a(lib_a-__call_atexit.o)
 .ARM.attributes
                0x000004ce       0x2c c:/program files (x86)/atmel/studio/7.0/toolchain/arm/arm-gnu-toolchain/bin/../lib/gcc/arm-none-eabi/6.3.1/../../../../arm-none-eabi/lib/thumb/v6-m\libc.a(lib_a-atexit.o)
 .ARM.attributes
                0x000004fa       0x2c c:/program files (x86)/atmel/studio/7.0/toolchain/arm/arm-gnu-toolchain/bin/../lib/gcc/arm-none-eabi/6.3.1/../../../../arm-none-eabi/lib/thumb/v6-m\libc.a(lib_a-fini.o)
 .ARM.attributes
                0x00000526       0x2c c:/program files (x86)/atmel/studio/7.0/toolchain/arm/arm-gnu-toolchain/bin/../lib/gcc/arm-none-eabi/6.3.1/../../../../arm-none-eabi/lib/thumb/v6-m\libc.a(lib_a-lock.o)
 .ARM.attributes
                0x00000552       0x1e c:/program files (x86)/atmel/studio/7.0/toolchain/arm/arm-gnu-toolchain/bin/../lib/gcc/arm-none-eabi/6.3.1/thumb/v6-m/crtn.o

.comment        0x00000000       0x59
 .comment       0x00000000       0x59 Device_Startup/startup_samd21.o
                                 0x5a (size before relaxing)
 .comment       0x00000059       0x5a example_state_machine.o
 .comment       0x00000059       0x5a main.o
 .comment       0x00000059       0x5a serial_controllers/class/cdc/cdc_device.o
 .comment       0x00000059       0x5a serial_controllers/common/tusb_fifo.o
 .comment       0x00000059       0x5a serial_controllers/device/usbd.o
 .comment       0x00000059       0x5a serial_controllers/device/usbd_control.o
 .comment       0x00000059       0x5a serial_controllers/portable/microchip/samd/dcd_samd.o
 .comment       0x00000059       0x5a serial_controllers/serial_buffer/serial_buffer.o
 .comment       0x00000059       0x5a serial_controllers/serial_usb/serial_usb.o
 .comment       0x00000059       0x5a serial_controllers/tusb.o
 .comment       0x00000059       0x5a serial_controllers/usb_descriptors.o
 .comment       0x00000059       0x5a state_machine.o
 .comment       0x00000059       0x5a util.o

.debug_info     0x00000000    0x1d2b9
 .debug_info    0x00000000     0x3a2c Device_Startup/startup_samd21.o
 .debug_info    0x00003a2c     0x2e08 example_state_machine.o
 .debug_info    0x00006834      0xb10 main.o
 .debug_info    0x00007344     0x1f4f serial_controllers/class/cdc/cdc_device.o
 .debug_info    0x00009293     0x2343 serial_controllers/common/tusb_fifo.o
 .debug_info    0x0000b5d6     0x34f4 serial_controllers/device/usbd.o
 .debug_info    0x0000eaca     0x1121 serial_controllers/device/usbd_control.o
 .debug_info    0x0000fbeb     0x3d1e serial_controllers/portable/microchip/samd/dcd_samd.o
 .debug_info    0x00013909     0x1236 serial_controllers/serial_buffer/serial_buffer.o
 .debug_info    0x00014b3f     0x641a serial_controllers/serial_usb/serial_usb.o
 .debug_info    0x0001af59     0x116f serial_controllers/tusb.o
 .debug_info    0x0001c0c8      0xf02 serial_controllers/usb_descriptors.o
 .debug_info    0x0001cfca      0x1b3 state_machine.o
 .debug_info    0x0001d17d      0x13c util.o

.debug_abbrev   0x00000000     0x2f4b
 .debug_abbrev  0x00000000      0x227 Device_Startup/startup_samd21.o
 .debug_abbrev  0x00000227      0x4c5 example_state_machine.o
 .debug_abbrev  0x000006ec      0x20d main.o
 .debug_abbrev  0x000008f9      0x443 serial_controllers/class/cdc/cdc_device.o
 .debug_abbrev  0x00000d3c      0x440 serial_controllers/common/tusb_fifo.o
 .debug_abbrev  0x0000117c      0x4e9 serial_controllers/device/usbd.o
 .debug_abbrev  0x00001665      0x34e serial_controllers/device/usbd_control.o
 .debug_abbrev  0x000019b3      0x53b serial_controllers/portable/microchip/samd/dcd_samd.o
 .debug_abbrev  0x00001eee      0x3c1 serial_controllers/serial_buffer/serial_buffer.o
 .debug_abbrev  0x000022af      0x573 serial_controllers/serial_usb/serial_usb.o
 .debug_abbrev  0x00002822      0x30d serial_controllers/tusb.o
 .debug_abbrev  0x00002b2f      0x25f serial_controllers/usb_descriptors.o
 .debug_abbrev  0x00002d8e      0x102 state_machine.o
 .debug_abbrev  0x00002e90       0xbb util.o

.debug_loc      0x00000000     0x7ce2
 .debug_loc     0x00000000       0x78 Device_Startup/startup_samd21.o
 .debug_loc     0x00000078      0x232 example_state_machine.o
 .debug_loc     0x000002aa       0x2c main.o
 .debug_loc     0x000002d6     0x1076 serial_controllers/class/cdc/cdc_device.o
 .debug_loc     0x0000134c     0x2216 serial_controllers/common/tusb_fifo.o
 .debug_loc     0x00003562     0x19c5 serial_controllers/device/usbd.o
 .debug_loc     0x00004f27      0x4e7 serial_controllers/device/usbd_control.o
 .debug_loc     0x0000540e      0x7d9 serial_controllers/portable/microchip/samd/dcd_samd.o
 .debug_loc     0x00005be7      0xccc serial_controllers/serial_buffer/serial_buffer.o
 .debug_loc     0x000068b3      0xd9b serial_controllers/serial_usb/serial_usb.o
 .debug_loc     0x0000764e      0x46f serial_controllers/tusb.o
 .debug_loc     0x00007abd      0x14b serial_controllers/usb_descriptors.o
 .debug_loc     0x00007c08       0xda state_machine.o

.debug_aranges  0x00000000      0x6e0
 .debug_aranges
                0x00000000       0x28 Device_Startup/startup_samd21.o
 .debug_aranges
                0x00000028       0x90 example_state_machine.o
 .debug_aranges
                0x000000b8       0x20 main.o
 .debug_aranges
                0x000000d8       0xa8 serial_controllers/class/cdc/cdc_device.o
 .debug_aranges
                0x00000180      0x118 serial_controllers/common/tusb_fifo.o
 .debug_aranges
                0x00000298      0x118 serial_controllers/device/usbd.o
 .debug_aranges
                0x000003b0       0x50 serial_controllers/device/usbd_control.o
 .debug_aranges
                0x00000400       0xa8 serial_controllers/portable/microchip/samd/dcd_samd.o
 .debug_aranges
                0x000004a8       0x98 serial_controllers/serial_buffer/serial_buffer.o
 .debug_aranges
                0x00000540       0xd0 serial_controllers/serial_usb/serial_usb.o
 .debug_aranges
                0x00000610       0x50 serial_controllers/tusb.o
 .debug_aranges
                0x00000660       0x30 serial_controllers/usb_descriptors.o
 .debug_aranges
                0x00000690       0x28 state_machine.o
 .debug_aranges
                0x000006b8       0x28 util.o

.debug_ranges   0x00000000      0xb48
 .debug_ranges  0x00000000       0x18 Device_Startup/startup_samd21.o
 .debug_ranges  0x00000018       0x80 example_state_machine.o
 .debug_ranges  0x00000098       0x10 main.o
 .debug_ranges  0x000000a8      0x110 serial_controllers/class/cdc/cdc_device.o
 .debug_ranges  0x000001b8      0x178 serial_controllers/common/tusb_fifo.o
 .debug_ranges  0x00000330      0x400 serial_controllers/device/usbd.o
 .debug_ranges  0x00000730       0x88 serial_controllers/device/usbd_control.o
 .debug_ranges  0x000007b8       0xb0 serial_controllers/portable/microchip/samd/dcd_samd.o
 .debug_ranges  0x00000868      0x118 serial_controllers/serial_buffer/serial_buffer.o
 .debug_ranges  0x00000980       0xc0 serial_controllers/serial_usb/serial_usb.o
 .debug_ranges  0x00000a40       0x80 serial_controllers/tusb.o
 .debug_ranges  0x00000ac0       0x58 serial_controllers/usb_descriptors.o
 .debug_ranges  0x00000b18       0x18 state_machine.o
 .debug_ranges  0x00000b30       0x18 util.o

.debug_macro    0x00000000    0x1759f
 .debug_macro   0x00000000      0x2fc Device_Startup/startup_samd21.o
 .debug_macro   0x000002fc      0x89e Device_Startup/startup_samd21.o
 .debug_macro   0x00000b9a       0x22 Device_Startup/startup_samd21.o
 .debug_macro   0x00000bbc       0x87 Device_Startup/startup_samd21.o
 .debug_macro   0x00000c43       0x51 Device_Startup/startup_samd21.o
 .debug_macro   0x00000c94       0xef Device_Startup/startup_samd21.o
 .debug_macro   0x00000d83       0x6a Device_Startup/startup_samd21.o
 .debug_macro   0x00000ded      0x1df Device_Startup/startup_samd21.o
 .debug_macro   0x00000fcc       0x39 Device_Startup/startup_samd21.o
 .debug_macro   0x00001005       0x1c Device_Startup/startup_samd21.o
 .debug_macro   0x00001021       0x22 Device_Startup/startup_samd21.o
 .debug_macro   0x00001043       0xb5 Device_Startup/startup_samd21.o
 .debug_macro   0x000010f8      0x3ad Device_Startup/startup_samd21.o
 .debug_macro   0x000014a5      0x67e Device_Startup/startup_samd21.o
 .debug_macro   0x00001b23      0x8b1 Device_Startup/startup_samd21.o
 .debug_macro   0x000023d4      0x22e Device_Startup/startup_samd21.o
 .debug_macro   0x00002602      0xd5c Device_Startup/startup_samd21.o
 .debug_macro   0x0000335e      0x4dc Device_Startup/startup_samd21.o
 .debug_macro   0x0000383a      0x9f6 Device_Startup/startup_samd21.o
 .debug_macro   0x00004230      0x82b Device_Startup/startup_samd21.o
 .debug_macro   0x00004a5b      0x45f Device_Startup/startup_samd21.o
 .debug_macro   0x00004eba       0x5e Device_Startup/startup_samd21.o
 .debug_macro   0x00004f18      0x8f9 Device_Startup/startup_samd21.o
 .debug_macro   0x00005811      0x21c Device_Startup/startup_samd21.o
 .debug_macro   0x00005a2d      0x735 Device_Startup/startup_samd21.o
 .debug_macro   0x00006162       0x5e Device_Startup/startup_samd21.o
 .debug_macro   0x000061c0      0x632 Device_Startup/startup_samd21.o
 .debug_macro   0x000067f2      0x3ac Device_Startup/startup_samd21.o
 .debug_macro   0x00006b9e      0xc76 Device_Startup/startup_samd21.o
 .debug_macro   0x00007814     0x1092 Device_Startup/startup_samd21.o
 .debug_macro   0x000088a6      0xc4a Device_Startup/startup_samd21.o
 .debug_macro   0x000094f0      0x6ba Device_Startup/startup_samd21.o
 .debug_macro   0x00009baa     0x1b3d Device_Startup/startup_samd21.o
 .debug_macro   0x0000b6e7     0x143c Device_Startup/startup_samd21.o
 .debug_macro   0x0000cb23      0x340 Device_Startup/startup_samd21.o
 .debug_macro   0x0000ce63       0x7c Device_Startup/startup_samd21.o
 .debug_macro   0x0000cedf       0xa0 Device_Startup/startup_samd21.o
 .debug_macro   0x0000cf7f       0x4c Device_Startup/startup_samd21.o
 .debug_macro   0x0000cfcb       0xca Device_Startup/startup_samd21.o
 .debug_macro   0x0000d095       0x94 Device_Startup/startup_samd21.o
 .debug_macro   0x0000d129       0x58 Device_Startup/startup_samd21.o
 .debug_macro   0x0000d181      0x341 Device_Startup/startup_samd21.o
 .debug_macro   0x0000d4c2       0x82 Device_Startup/startup_samd21.o
 .debug_macro   0x0000d544      0x189 Device_Startup/startup_samd21.o
 .debug_macro   0x0000d6cd       0xb8 Device_Startup/startup_samd21.o
 .debug_macro   0x0000d785       0xa0 Device_Startup/startup_samd21.o
 .debug_macro   0x0000d825       0xb2 Device_Startup/startup_samd21.o
 .debug_macro   0x0000d8d7       0x1c Device_Startup/startup_samd21.o
 .debug_macro   0x0000d8f3       0x1c Device_Startup/startup_samd21.o
 .debug_macro   0x0000d90f       0x1c Device_Startup/startup_samd21.o
 .debug_macro   0x0000d92b       0x7c Device_Startup/startup_samd21.o
 .debug_macro   0x0000d9a7      0x15a Device_Startup/startup_samd21.o
 .debug_macro   0x0000db01       0x10 Device_Startup/startup_samd21.o
 .debug_macro   0x0000db11       0xdc Device_Startup/startup_samd21.o
 .debug_macro   0x0000dbed      0x124 Device_Startup/startup_samd21.o
 .debug_macro   0x0000dd11      0x124 Device_Startup/startup_samd21.o
 .debug_macro   0x0000de35      0x124 Device_Startup/startup_samd21.o
 .debug_macro   0x0000df59      0x124 Device_Startup/startup_samd21.o
 .debug_macro   0x0000e07d      0x124 Device_Startup/startup_samd21.o
 .debug_macro   0x0000e1a1      0x124 Device_Startup/startup_samd21.o
 .debug_macro   0x0000e2c5      0x124 Device_Startup/startup_samd21.o
 .debug_macro   0x0000e3e9       0xe2 Device_Startup/startup_samd21.o
 .debug_macro   0x0000e4cb       0xe2 Device_Startup/startup_samd21.o
 .debug_macro   0x0000e5ad       0xe2 Device_Startup/startup_samd21.o
 .debug_macro   0x0000e68f      0x12a Device_Startup/startup_samd21.o
 .debug_macro   0x0000e7b9      0x100 Device_Startup/startup_samd21.o
 .debug_macro   0x0000e8b9       0xf4 Device_Startup/startup_samd21.o
 .debug_macro   0x0000e9ad      0x40f Device_Startup/startup_samd21.o
 .debug_macro   0x0000edbc       0x40 Device_Startup/startup_samd21.o
 .debug_macro   0x0000edfc      0x376 Device_Startup/startup_samd21.o
 .debug_macro   0x0000f172     0x17df Device_Startup/startup_samd21.o
 .debug_macro   0x00010951       0x6d Device_Startup/startup_samd21.o
 .debug_macro   0x000109be      0x624 example_state_machine.o
 .debug_macro   0x00010fe2      0x970 example_state_machine.o
 .debug_macro   0x00011952       0x1c example_state_machine.o
 .debug_macro   0x0001196e       0x87 example_state_machine.o
 .debug_macro   0x000119f5       0x28 example_state_machine.o
 .debug_macro   0x00011a1d       0x10 example_state_machine.o
 .debug_macro   0x00011a2d       0x16 example_state_machine.o
 .debug_macro   0x00011a43       0x3f example_state_machine.o
 .debug_macro   0x00011a82      0x3ad example_state_machine.o
 .debug_macro   0x00011e2f       0x1c example_state_machine.o
 .debug_macro   0x00011e4b       0x6a example_state_machine.o
 .debug_macro   0x00011eb5       0x16 example_state_machine.o
 .debug_macro   0x00011ecb      0x17b example_state_machine.o
 .debug_macro   0x00012046       0x58 example_state_machine.o
 .debug_macro   0x0001209e       0x35 example_state_machine.o
 .debug_macro   0x000120d3       0x9c example_state_machine.o
 .debug_macro   0x0001216f       0x58 example_state_machine.o
 .debug_macro   0x000121c7       0x1f example_state_machine.o
 .debug_macro   0x000121e6       0x43 example_state_machine.o
 .debug_macro   0x00012229       0x20 example_state_machine.o
 .debug_macro   0x00012249      0x187 example_state_machine.o
 .debug_macro   0x000123d0      0x34d example_state_machine.o
 .debug_macro   0x0001271d       0x10 example_state_machine.o
 .debug_macro   0x0001272d       0x35 example_state_machine.o
 .debug_macro   0x00012762       0x1c example_state_machine.o
 .debug_macro   0x0001277e       0x10 example_state_machine.o
 .debug_macro   0x0001278e       0x10 example_state_machine.o
 .debug_macro   0x0001279e       0x1c example_state_machine.o
 .debug_macro   0x000127ba       0x52 example_state_machine.o
 .debug_macro   0x0001280c       0x40 example_state_machine.o
 .debug_macro   0x0001284c       0x10 example_state_machine.o
 .debug_macro   0x0001285c       0x40 example_state_machine.o
 .debug_macro   0x0001289c       0xd7 example_state_machine.o
 .debug_macro   0x00012973       0x16 example_state_machine.o
 .debug_macro   0x00012989      0x18b example_state_machine.o
 .debug_macro   0x00012b14      0x146 example_state_machine.o
 .debug_macro   0x00012c5a      0x1fa example_state_machine.o
 .debug_macro   0x00012e54       0x76 example_state_machine.o
 .debug_macro   0x00012eca       0x24 example_state_machine.o
 .debug_macro   0x00012eee      0x10e example_state_machine.o
 .debug_macro   0x00012ffc       0x64 example_state_machine.o
 .debug_macro   0x00013060       0x11 example_state_machine.o
 .debug_macro   0x00013071       0xc7 example_state_machine.o
 .debug_macro   0x00013138       0x25 example_state_machine.o
 .debug_macro   0x0001315d       0x1c example_state_machine.o
 .debug_macro   0x00013179       0x1c example_state_machine.o
 .debug_macro   0x00013195      0x6cb example_state_machine.o
 .debug_macro   0x00013860      0x37b example_state_machine.o
 .debug_macro   0x00013bdb       0x18 example_state_machine.o
 .debug_macro   0x00013bf3       0x16 example_state_machine.o
 .debug_macro   0x00013c09      0x623 main.o
 .debug_macro   0x0001422c       0x10 main.o
 .debug_macro   0x0001423c      0x2b8 serial_controllers/class/cdc/cdc_device.o
 .debug_macro   0x000144f4       0x22 serial_controllers/class/cdc/cdc_device.o
 .debug_macro   0x00014516      0x16d serial_controllers/class/cdc/cdc_device.o
 .debug_macro   0x00014683       0x9c serial_controllers/class/cdc/cdc_device.o
 .debug_macro   0x0001471f       0x43 serial_controllers/class/cdc/cdc_device.o
 .debug_macro   0x00014762      0x353 serial_controllers/class/cdc/cdc_device.o
 .debug_macro   0x00014ab5       0x35 serial_controllers/class/cdc/cdc_device.o
 .debug_macro   0x00014aea      0x375 serial_controllers/class/cdc/cdc_device.o
 .debug_macro   0x00014e5f       0x22 serial_controllers/class/cdc/cdc_device.o
 .debug_macro   0x00014e81      0x29c serial_controllers/common/tusb_fifo.o
 .debug_macro   0x0001511d      0x302 serial_controllers/device/usbd.o
 .debug_macro   0x0001541f      0x2db serial_controllers/device/usbd_control.o
 .debug_macro   0x000156fa      0x52f serial_controllers/portable/microchip/samd/dcd_samd.o
 .debug_macro   0x00015c29      0x34d serial_controllers/portable/microchip/samd/dcd_samd.o
 .debug_macro   0x00015f76      0x33b serial_controllers/serial_buffer/serial_buffer.o
 .debug_macro   0x000162b1      0x597 serial_controllers/serial_usb/serial_usb.o
 .debug_macro   0x00016848      0x353 serial_controllers/serial_usb/serial_usb.o
 .debug_macro   0x00016b9b       0xaf serial_controllers/serial_usb/serial_usb.o
 .debug_macro   0x00016c4a      0x2df serial_controllers/tusb.o
 .debug_macro   0x00016f29      0x2f3 serial_controllers/usb_descriptors.o
 .debug_macro   0x0001721c       0x78 state_machine.o
 .debug_macro   0x00017294      0x30b util.o

.debug_line     0x00000000     0x7f02
 .debug_line    0x00000000      0x6fa Device_Startup/startup_samd21.o
 .debug_line    0x000006fa      0xda2 example_state_machine.o
 .debug_line    0x0000149c      0xc34 main.o
 .debug_line    0x000020d0      0x8cc serial_controllers/class/cdc/cdc_device.o
 .debug_line    0x0000299c      0x8f1 serial_controllers/common/tusb_fifo.o
 .debug_line    0x0000328d      0xcb9 serial_controllers/device/usbd.o
 .debug_line    0x00003f46      0x673 serial_controllers/device/usbd_control.o
 .debug_line    0x000045b9      0xc4d serial_controllers/portable/microchip/samd/dcd_samd.o
 .debug_line    0x00005206      0xa18 serial_controllers/serial_buffer/serial_buffer.o
 .debug_line    0x00005c1e      0xd2e serial_controllers/serial_usb/serial_usb.o
 .debug_line    0x0000694c      0x6b0 serial_controllers/tusb.o
 .debug_line    0x00006ffc      0x5b0 serial_controllers/usb_descriptors.o
 .debug_line    0x000075ac      0x269 state_machine.o
 .debug_line    0x00007815      0x6ed util.o

.debug_str      0x00000000    0x82f8d
 .debug_str     0x00000000    0x6d97a Device_Startup/startup_samd21.o
                              0x6e200 (size before relaxing)
 .debug_str     0x0006d97a    0x1176c example_state_machine.o
                              0x7ea97 (size before relaxing)
 .debug_str     0x0007f0e6       0x66 main.o
                              0x7d48e (size before relaxing)
 .debug_str     0x0007f14c     0x13cd serial_controllers/class/cdc/cdc_device.o
                              0x1193d (size before relaxing)
 .debug_str     0x00080519      0x3bf serial_controllers/common/tusb_fifo.o
                               0xa1cf (size before relaxing)
 .debug_str     0x000808d8      0xd31 serial_controllers/device/usbd.o
                              0x14494 (size before relaxing)
 .debug_str     0x00081609       0xf0 serial_controllers/device/usbd_control.o
                              0x133f3 (size before relaxing)
 .debug_str     0x000816f9      0x3f1 serial_controllers/portable/microchip/samd/dcd_samd.o
                              0x74b21 (size before relaxing)
 .debug_str     0x00081aea      0x202 serial_controllers/serial_buffer/serial_buffer.o
                              0x6de0b (size before relaxing)
 .debug_str     0x00081cec      0xa37 serial_controllers/serial_usb/serial_usb.o
                              0x7f7e3 (size before relaxing)
 .debug_str     0x00082723       0x9a serial_controllers/tusb.o
                              0x13635 (size before relaxing)
 .debug_str     0x000827bd      0x75e serial_controllers/usb_descriptors.o
                              0x13e5c (size before relaxing)
 .debug_str     0x00082f1b       0x49 state_machine.o
                               0x390a (size before relaxing)
 .debug_str     0x00082f64       0x29 util.o
                              0x6d50e (size before relaxing)

.debug_frame    0x00000000     0x14c4
 .debug_frame   0x00000000       0x40 Device_Startup/startup_samd21.o
 .debug_frame   0x00000040      0x168 example_state_machine.o
 .debug_frame   0x000001a8       0x28 main.o
 .debug_frame   0x000001d0      0x1f0 serial_controllers/class/cdc/cdc_device.o
 .debug_frame   0x000003c0      0x33c serial_controllers/common/tusb_fifo.o
 .debug_frame   0x000006fc      0x360 serial_controllers/device/usbd.o
 .debug_frame   0x00000a5c       0xcc serial_controllers/device/usbd_control.o
 .debug_frame   0x00000b28      0x194 serial_controllers/portable/microchip/samd/dcd_samd.o
 .debug_frame   0x00000cbc      0x194 serial_controllers/serial_buffer/serial_buffer.o
 .debug_frame   0x00000e50      0x254 serial_controllers/serial_usb/serial_usb.o
 .debug_frame   0x000010a4       0xa8 serial_controllers/tusb.o
 .debug_frame   0x0000114c       0x4c serial_controllers/usb_descriptors.o
 .debug_frame   0x00001198       0x44 state_machine.o
 .debug_frame   0x000011dc       0x30 util.o
 .debug_frame   0x0000120c       0x28 c:/program files (x86)/atmel/studio/7.0/toolchain/arm/arm-gnu-toolchain/bin/../lib/gcc/arm-none-eabi/6.3.1/../../../../arm-none-eabi/lib/thumb/v6-m\libstdc++.a(atexit_arm.o)
 .debug_frame   0x00001234       0x20 c:/program files (x86)/atmel/studio/7.0/toolchain/arm/arm-gnu-toolchain/bin/../lib/gcc/arm-none-eabi/6.3.1/thumb/v6-m\libgcc.a(_udivsi3.o)
 .debug_frame   0x00001254       0x28 c:/program files (x86)/atmel/studio/7.0/toolchain/arm/arm-gnu-toolchain/bin/../lib/gcc/arm-none-eabi/6.3.1/../../../../arm-none-eabi/lib/thumb/v6-m\libc.a(lib_a-cxa_atexit.o)
 .debug_frame   0x0000127c       0x2c c:/program files (x86)/atmel/studio/7.0/toolchain/arm/arm-gnu-toolchain/bin/../lib/gcc/arm-none-eabi/6.3.1/../../../../arm-none-eabi/lib/thumb/v6-m\libc.a(lib_a-init.o)
 .debug_frame   0x000012a8       0x30 c:/program files (x86)/atmel/studio/7.0/toolchain/arm/arm-gnu-toolchain/bin/../lib/gcc/arm-none-eabi/6.3.1/../../../../arm-none-eabi/lib/thumb/v6-m\libc.a(lib_a-memcpy-stub.o)
 .debug_frame   0x000012d8       0x30 c:/program files (x86)/atmel/studio/7.0/toolchain/arm/arm-gnu-toolchain/bin/../lib/gcc/arm-none-eabi/6.3.1/../../../../arm-none-eabi/lib/thumb/v6-m\libc.a(lib_a-memset.o)
 .debug_frame   0x00001308       0x28 c:/program files (x86)/atmel/studio/7.0/toolchain/arm/arm-gnu-toolchain/bin/../lib/gcc/arm-none-eabi/6.3.1/../../../../arm-none-eabi/lib/thumb/v6-m\libc.a(lib_a-strlen-stub.o)
 .debug_frame   0x00001330       0x3c c:/program files (x86)/atmel/studio/7.0/toolchain/arm/arm-gnu-toolchain/bin/../lib/gcc/arm-none-eabi/6.3.1/../../../../arm-none-eabi/lib/thumb/v6-m\libc.a(lib_a-__atexit.o)
 .debug_frame   0x0000136c       0x54 c:/program files (x86)/atmel/studio/7.0/toolchain/arm/arm-gnu-toolchain/bin/../lib/gcc/arm-none-eabi/6.3.1/../../../../arm-none-eabi/lib/thumb/v6-m\libc.a(lib_a-__call_atexit.o)
 .debug_frame   0x000013c0       0x28 c:/program files (x86)/atmel/studio/7.0/toolchain/arm/arm-gnu-toolchain/bin/../lib/gcc/arm-none-eabi/6.3.1/../../../../arm-none-eabi/lib/thumb/v6-m\libc.a(lib_a-atexit.o)
 .debug_frame   0x000013e8       0x2c c:/program files (x86)/atmel/studio/7.0/toolchain/arm/arm-gnu-toolchain/bin/../lib/gcc/arm-none-eabi/6.3.1/../../../../arm-none-eabi/lib/thumb/v6-m\libc.a(lib_a-fini.o)
 .debug_frame   0x00001414       0xb0 c:/program files (x86)/atmel/studio/7.0/toolchain/arm/arm-gnu-toolchain/bin/../lib/gcc/arm-none-eabi/6.3.1/../../../../arm-none-eabi/lib/thumb/v6-m\libc.a(lib_a-lock.o)
